  Файл: /home/user1
  Размер: 4096      	Блоков: 8          Блок В/В: 4096   каталог
Устройство: 8/4	Инода: 1321334     Ссылки: 2
Доступ: (0700/drwx------)  Uid: ( 1234/   user1)   Gid: ( 1000/students)
Контекст: unconfined_u:object_r:user_home_dir_t:s0
Доступ:        2026-09-12 23:23:51.656325131 +0300
Модифицирован: 2026-09-12 23:23:51.657325150 +0300
Изменён:       2026-09-12 23:23:51.657325150 +0300
Создан:        2026-09-12 23:23:51.656325131 +0300
  Файл: /home/user1/cat-suid
  Размер: 36568     	Блоков: 72         Блок В/В: 4096   обычный файл
Устройство: 8/4	Инода: 1321385     Ссылки: 1
Доступ: (4755/-rwsr-xr-x)  Uid: (    0/    root)   Gid: (    0/    root)
Контекст: unconfined_u:object_r:user_home_t:s0
Доступ:        2026-09-13 00:04:31.657726779 +0300
Модифицирован: 2026-09-13 00:00:57.582627581 +0300
Изменён:       2026-09-13 00:01:56.533756387 +0300
Создан:        2026-09-13 00:00:57.582627581 +0300
  Файл: /home/user1/chown-cap
  Размер: 65840     	Блоков: 144        Блок В/В: 4096   обычный файл
Устройство: 8/4	Инода: 1321387     Ссылки: 1
Доступ: (0755/-rwxr-xr-x)  Uid: (    0/    root)   Gid: (    0/    root)
Контекст: unconfined_u:object_r:user_home_t:s0
Доступ:        2026-09-13 00:12:59.863467272 +0300
Модифицирован: 2026-09-13 00:10:46.421912992 +0300
Изменён:       2026-09-13 00:11:20.699569137 +0300
Создан:        2026-09-13 00:10:46.421912992 +0300
